--- patched-3
syn_reports=860
12ms 233
13ms 312
14ms 40
20ms 1
22ms 18
23ms 199
24ms 27
25ms 2
26ms 2
35ms 1
36ms 5
38ms 1
48ms 3
13 13 24 14 24 23 12 12 13 23 13 23 12 13 13 23 12 14 22 12 12 12 12 13 24 13 23 13 13 23 12 12 13 13 23 13 13 23 12 13 13 23 12 14 23 13 23 12 14 23 13 23 12 12 12 13 23 12 13 23 14 23 12 12 12 13 23 13 13 23 13 23 12 12 13 13 23 12 12 === Thu Aug 27 10:39:39 PM EDT 2026 cycle 4: suspending
=== Thu Aug 27 10:41:19 PM EDT 2026 cycle 4: resumed; swipe the pad
--- patched-4
syn_reports=737
12ms 142
13ms 263
14ms 42
21ms 1
22ms 13
23ms 183
24ms 25
25ms 1
26ms 4
35ms 3
36ms 12
37ms 9
38ms 1
23 12 12 12 12 14 23 13 23 13 13 23 13 13 23 13 13 23 13 23 13 13 23 13 13 23 13 13 23 13 14 23 13 23 13 23 12 13 23 12 13 13 23 12 12 12 13 23 13 13 23 12 12 12 13 13 23 12 13 13 23 13 13 22 13 13 23 12 12 13 13 23 12 13 23 12 13 23 13 === Thu Aug 27 10:41:57 PM EDT 2026 cycle 5: suspending
=== Thu Aug 27 10:43:35 PM EDT 2026 cycle 5: resumed; swipe the pad
--- patched-5
syn_reports=192
12ms 88
13ms 70
14ms 8
21ms 1
23ms 13
24ms 10
87ms 1
2695ms 1
12 21 13 14 23 12 13 23 2695 13 24 12 13 24 12 13 12 13 23 12 12 13 12 13 24 13 24 12 14 23 14 23 13 13 23 13 12 12 12 14 23 12 13 12 12 12 12 13 12 12 13 14 24 12 13 12 13 12 12 13 13 13 23 12 13 12 13 87 13 24 12 13 13 13 24 12 13 12 12 