21:45:38 cure: GETID + rmi_smb_reset + F12 irq bits -> F01 00 c8 00 03 2d 00 0e 
21:45:39 config pass with mask=1: F01 00 c8 00 03 2d 00 0e 
CAPTURE bis2-mask1 try 1
bis2-mask1 try 1: 721 frames
 6 drags; frame1 |delta| median 0 units (min 0 max 0); frames-to-0.5mm: [4, 2, 3, 4, 3, 2]
21:46:17 cure: GETID + rmi_smb_reset + F12 irq bits -> F01 00 c8 00 03 2d 00 0e 
21:46:19 config pass with mask=2: F01 00 c8 00 06 2d 00 0e 
CAPTURE bis2-mask2 try 1
bis2-mask2 try 1: 0 frames
CAPTURE bis2-mask2 try 2
bis2-mask2 try 2: 664 frames
 6 drags; frame1 |delta| median 0 units (min 0 max 18); frames-to-0.5mm: [2, 1, 1, 2, 4, 3]
21:47:31 cure: GETID + rmi_smb_reset + F12 irq bits -> F01 00 c8 00 03 2d 00 0e 
21:47:32 config pass with mask=8: F01 00 c8 00 03 2d 00 0e 
CAPTURE bis2-mask8 try 1
bis2-mask8 try 1: 677 frames
 6 drags; frame1 |delta| median 0 units (min 0 max 2); frames-to-0.5mm: [3, 2, 2, 2, 2, 2]
21:48:10 cure: GETID + rmi_smb_reset + F12 irq bits -> F01 00 c8 00 03 2d 00 0e 
21:48:11 config pass with mask=16: F01 00 c8 00 03 2d 00 0e 
CAPTURE bis2-mask16 try 1
bis2-mask16 try 1: 0 frames
CAPTURE bis2-mask16 try 2
bis2-mask16 try 2: 801 frames
 8 drags; frame1 |delta| median 0 units (min 0 max 20); frames-to-0.5mm: [2, 2, 2, 2, 3, 2, 1, 2]
21:49:24 cure: GETID + rmi_smb_reset + F12 irq bits -> F01 00 c8 00 03 2d 00 0e 
CAPTURE bis2-control try 1
bis2-control try 1: 634 frames
 6 drags; frame1 |delta| median 0 units (min 0 max 14); frames-to-0.5mm: [1, 3, 2, 1, 2, 2]
21:49:58 final reload (restores TrackPoint + full config)
OK load-all  try=1; rmi_core 489ADB3327FE35D3D8906D3 loaded=489ADB3327FE35D3D8906D3
done bisect
