=== Fri Aug 28 10:51:05 PM EDT 2026 start probe8 reactivate_delay=3000 N=8
OK rmi_smbus resume_reactivate_delay_ms=3000 try=1
=== Fri Aug 28 10:51:07 PM EDT 2026 cycle 1: suspending
=== Fri Aug 28 10:52:45 PM EDT 2026 cycle 1: resumed; swipe the pad
--- probe8-3000-1
syn_reports=661
13ms 2
14ms 299
15ms 347
16ms 1
18ms 2
29ms 5
185ms 1
205ms 1
2844ms 1
3274ms 1
7852ms 1
18 15 14 15 14 15 14 15 15 14 15 14 15 15 15 14 14 15 14 15 14 15 14 15 15 14 15 14 15 14 15 14 15 14 15 15 14 15 15 14 14 14 14 15 15 15 14 14 15 14 14 14 14 15 15 15 15 14 14 15 14 15 14 15 14 15 14 15 15 14 15 14 15 14 15 14 15 15 14 === cycle 1 clean (0/1 degraded)
OK rmi_smbus resume_reactivate_delay_ms=3000 try=1
=== Fri Aug 28 10:53:49 PM EDT 2026 cycle 2: suspending
=== Fri Aug 28 10:55:26 PM EDT 2026 cycle 2: resumed; swipe the pad
--- probe8-3000-2
syn_reports=831
13ms 3
14ms 140
15ms 639
16ms 1
18ms 2
20ms 1
29ms 10
30ms 12
44ms 7
45ms 3
59ms 1
74ms 1
89ms 1
18 15 15 15 15 15 15 15 15 15 15 15 15 15 15 15 15 14 15 14 15 15 15 15 15 15 14 15 14 15 15 14 15 15 15 15 15 14 15 15 15 15 15 14 15 15 15 15 14 15 15 15 15 15 14 15 15 15 15 15 15 15 15 15 15 15 14 15 15 15 15 14 15 15 14 15 15 15 15 === cycle 2 clean (0/2 degraded)
OK rmi_smbus resume_reactivate_delay_ms=3000 try=1
=== Fri Aug 28 10:55:57 PM EDT 2026 cycle 3: suspending
=== Fri Aug 28 10:57:34 PM EDT 2026 cycle 3: resumed; swipe the pad
--- probe8-3000-3
syn_reports=129
12ms 51
13ms 53
14ms 2
23ms 17
24ms 4
310ms 1
144438ms 1
12 13 13 13 13 23 13 12 13 13 23 12 13 13 13 23 13 12 13 13 23 13 12 13 13 24 13 24 13 23 13 13 23 12 13 13 23 12 12 13 13 23 12 12 13 13 14 23 12 12 12 12 13 12 12 12 12 12 13 12 14 23 12 13 12 12 13 13 13 23 12 13 13 23 12 12 13 12 13 === cycle 3 DEGRADED (1/3)
OK rmi_smbus resume_reactivate_delay_ms=3000 try=1
=== Fri Aug 28 11:00:07 PM EDT 2026 cycle 4: suspending
=== Fri Aug 28 11:01:45 PM EDT 2026 cycle 4: resumed; swipe the pad
