=== Sat Sep  5 09:34:22 PM EDT 2026 start probe9 N=5 START=1 WAIT=30 (late xport_reset)
OK rmi_smbus  try=1
=== Sat Sep  5 09:34:25 PM EDT 2026 cycle 1: suspending
=== Sat Sep  5 09:35:58 PM EDT 2026 cycle 1: resumed; DO NOT TOUCH for 30 s
=== f12 irqs during wait: 0
=== Sat Sep  5 09:36:30 PM EDT 2026 cycle 1: armB done (untouched); swipe the pad
--- probe9-w30-1
syn_reports=1348
14ms 214
15ms 1127
16ms 5
18ms 1
30ms 1
18 15 15 15 15 15 15 15 15 15 15 15 14 15 15 14 15 15 14 15 15 15 15 15 15 15 15 14 15 15 15 15 15 14 15 15 15 15 15 15 15 15 15 15 15 15 15 15 14 15 15 14 15 15 15 15 15 15 15 15 14 15 15 14 15 15 14 15 14 15 15 15 15 15 15 14 15 15 14 === cycle 1 clean after untouched armB
OK rmi_smbus  try=1
=== Sat Sep  5 09:37:00 PM EDT 2026 cycle 2: suspending
=== Sat Sep  5 09:38:33 PM EDT 2026 cycle 2: resumed; DO NOT TOUCH for 30 s
=== f12 irqs during wait: 0
=== Sat Sep  5 09:39:04 PM EDT 2026 cycle 2: armB done (untouched); swipe the pad
--- probe9-w30-2
syn_reports=1339
14ms 233
15ms 1091
16ms 6
18ms 1
29ms 1
30ms 6
59ms 1
18 15 15 15 15 15 15 15 15 14 15 15 15 15 14 15 15 15 15 15 15 14 15 14 15 15 15 15 15 14 15 30 14 15 15 14 15 15 15 15 14 15 15 15 14 15 14 15 15 14 15 15 15 15 15 14 15 15 14 15 15 15 15 15 15 15 15 15 14 15 15 15 15 14 15 15 14 15 15 === cycle 2 clean after untouched armB
OK rmi_smbus  try=1
=== Sat Sep  5 09:39:33 PM EDT 2026 cycle 3: suspending
=== Sat Sep  5 09:41:07 PM EDT 2026 cycle 3: resumed; DO NOT TOUCH for 30 s
=== f12 irqs during wait: 29
=== Sat Sep  5 09:41:39 PM EDT 2026 cycle 3: armB done (untouched); swipe the pad
--- probe9-w30-3
syn_reports=1340
12ms 1
13ms 1
14ms 234
15ms 1084
16ms 11
29ms 2
30ms 7
13 12 15 14 15 15 14 15 15 14 15 15 14 15 15 15 15 15 14 15 15 14 15 15 14 15 15 14 15 15 15 15 15 15 15 15 15 15 15 15 14 15 15 16 15 14 15 15 14 15 14 15 15 15 15 15 15 15 15 15 14 15 15 15 15 15 14 15 14 15 15 15 14 15 15 15 15 15 15 === cycle 3 clean after untouched armB
OK rmi_smbus  try=1
=== Sat Sep  5 09:42:09 PM EDT 2026 cycle 4: suspending
=== Sat Sep  5 09:43:42 PM EDT 2026 cycle 4: resumed; DO NOT TOUCH for 30 s
=== f12 irqs during wait: 0
=== Sat Sep  5 09:44:14 PM EDT 2026 cycle 4: armB done (untouched); swipe the pad
--- probe9-w30-4
syn_reports=1348
11ms 1
13ms 1
14ms 226
15ms 1117
16ms 1
18ms 1
29ms 1
13 15 14 11 18 15 15 15 14 15 15 15 15 15 14 15 15 15 15 14 15 15 15 15 15 15 15 15 15 15 15 15 14 15 15 14 15 15 14 15 15 15 15 15 15 15 15 14 15 15 15 15 15 15 15 15 15 15 15 15 15 15 14 15 15 15 15 15 14 15 15 15 15 15 14 15 15 15 15 === cycle 4 clean after untouched armB
OK rmi_smbus  try=1
=== Sat Sep  5 09:44:43 PM EDT 2026 cycle 5: suspending
=== Sat Sep  5 09:46:18 PM EDT 2026 cycle 5: resumed; DO NOT TOUCH for 30 s
=== f12 irqs during wait: 0
=== Sat Sep  5 09:46:49 PM EDT 2026 cycle 5: armB done (untouched); swipe the pad
--- probe9-w30-5
syn_reports=1315
14ms 223
15ms 1077
16ms 7
17ms 2
18ms 1
19ms 1
44ms 1
144ms 1
156ms 1
205ms 1
19 15 15 15 15 15 15 14 15 15 15 15 15 14 15 14 15 15 15 15 15 15 15 15 15 16 14 15 15 15 14 15 15 14 15 15 15 14 15 15 15 14 15 15 14 15 15 15 15 15 15 15 14 15 15 14 15 15 15 15 15 14 15 15 15 15 15 15 15 15 15 15 15 15 15 15 15 15 15 === cycle 5 clean after untouched armB
=== Sat Sep  5 09:47:25 PM EDT 2026 done probe9 WAIT=30: 0/5 degraded
=== Sat Sep  5 09:48:04 PM EDT 2026 start probe9 N=1 START=6 WAIT=30 (late xport_reset)
OK rmi_smbus  try=1
=== Sat Sep  5 09:48:06 PM EDT 2026 cycle 6: suspending
=== Sat Sep  5 09:49:39 PM EDT 2026 cycle 6: resumed; DO NOT TOUCH for 30 s
=== f12 irqs during wait: 0
=== Sat Sep  5 09:50:11 PM EDT 2026 cycle 6: armB done (untouched); swipe the pad
--- probe9-w30-6
syn_reports=1349
13ms 2
14ms 609
15ms 725
16ms 2
17ms 1
29ms 6
30ms 1
44ms 1
73ms 1
199ms 1
13 13 14 14 15 15 15 14 14 15 14 14 15 15 14 15 15 15 15 14 15 15 15 15 15 15 14 14 15 14 15 14 14 15 15 15 14 14 15 15 15 14 15 14 14 14 15 14 15 14 15 14 15 14 14 15 14 15 14 15 14 14 14 14 15 15 14 15 14 14 14 15 15 14 15 15 14 15 14 === cycle 6 clean after untouched armB
=== Sat Sep  5 09:50:39 PM EDT 2026 done probe9 WAIT=30: 0/1 degraded
