=== Fri Aug 28 10:06:51 PM EDT 2026 start probe3 N=8 resume_reconfig=N
--- regdump clean (pre)
F34 ctrl@0013 (0): 00 00 00 00 00 00 00 00 00 00 00 00 00 00 00 00
F01 ctrl@0014 (0): 00 c8 00 03 2d 00 0e 00 00 06 8a 04 0a 03 67 46
F01 data0@0006 (0): 00
F12 ctrl@001d (0): 8a 04 0a 03 67 46 15 4a 00 00 00 00 16 0e 01 1e 05 dd 12 cc 08 30 40 fc 42 fc e6 cf 0c c9 e0 b1 4d 33 34 37 31 2d 30 33 30 a9 03 2f 10 0b 00 44 57 20 52 35 2e 30 2e 30 00 00 00 00 00 00 00 53
F54 ctrl@010f (0): 00 3b 01 80 04 1b 00 00 2e 64 00 ff ff 00 c8 00
F3A ctrl@0211 (0): 02 00 00 00 00 0e 03 04 00 00 10 00 00 00 00 00
F03 ctrl@0200 (0): 04 f4 07 00 00 00 00 00 00 00 00 00 00 00 00 00
F55 ctrl@0300 (0): 01 01 00 02 03 04 05 06 07 08 09 0a 0b 0c 0f 0e
OK rmi_core=  try=1
=== Fri Aug 28 10:06:53 PM EDT 2026 cycle 1: suspending
=== Fri Aug 28 10:08:30 PM EDT 2026 cycle 1: resumed; swipe the pad
--- probe3-1
syn_reports=629
13ms 1
14ms 95
15ms 450
16ms 2
17ms 1
18ms 1
29ms 12
30ms 23
44ms 3
45ms 8
59ms 5
60ms 4
74ms 3
16 14 14 15 15 15 15 15 15 14 15 15 15 15 14 15 15 15 15 15 15 15 15 15 15 14 1425 15 15 15 15 15 14 15 15 15 15 15 14 15 15 15 15 15 14 15 14 15 15 15 15 15 15 14 15 15 15 15 15 15 15 15 15 14 15 15 15 15 15 14 15 15 15 15 15 14 15 15 15 --- regdump after cycle 1
F34 ctrl@0013 (0): 00 00 00 00 00 00 00 00 00 00 00 00 00 00 00 00
F01 ctrl@0014 (0): 00 c8 00 03 2d 00 0e 00 00 06 8a 04 0a 03 67 46
F01 data0@0006 (0): 00
F12 ctrl@001d (0): 8a 04 0a 03 67 46 15 4a 00 00 00 00 16 0e 01 1e 05 dd 12 cc 08 30 40 fc 42 fc e6 cf 0c c9 e0 b1 4d 33 34 37 31 2d 30 33 30 a9 03 2f 10 0b 00 44 57 20 52 35 2e 30 2e 30 00 00 00 00 00 00 00 53
F54 ctrl@010f (0): 00 3b 01 80 04 1b 00 00 2e 64 00 ff ff 00 c8 00
F3A ctrl@0211 (0): 02 00 00 00 00 0e 03 04 00 00 10 00 00 00 00 00
F03 ctrl@0200 (0): 04 f4 07 00 00 00 00 00 00 00 00 00 00 00 00 00
F55 ctrl@0300 (0): 01 01 00 02 03 04 05 06 07 08 09 0a 0b 0c 0f 0e
OK rmi_core=  try=1
=== Fri Aug 28 10:09:01 PM EDT 2026 cycle 2: suspending
=== Fri Aug 28 10:10:38 PM EDT 2026 cycle 2: resumed; swipe the pad
--- probe3-2
syn_reports=327
12ms 69
13ms 112
14ms 27
22ms 11
23ms 83
24ms 9
36ms 4
37ms 1
48ms 1
49ms 3
59ms 1
61ms 2
72ms 1
13 13 23 12 12 13 23 13 13 23 12 14 23 14 23 13 23 23 14177 23 12 13 24 13 23 12 14 23 14 23 14 23 13 22 12 12 12 13 23 12 14 23 13 23 14 23 13 23 12 12 13 13 23 13 14 23 13 23 12 12 13 13 23 12 12 12 13 23 13 13 23 13 23 14 23 13 23 13 22 --- regdump after cycle 2
F34 ctrl@0013 (0): 00 00 00 00 00 00 00 00 00 00 00 00 00 00 00 00
F01 ctrl@0014 (0): 00 c8 00 03 2d 00 0e 00 00 06 8a 04 0a 03 67 46
F01 data0@0006 (0): 00
F12 ctrl@001d (0): 8a 04 0a 03 67 46 15 4a 00 00 00 00 16 0e 01 1e 05 dd 12 cc 08 30 40 fc 42 fc e6 cf 0c c9 e0 b1 4d 33 34 37 31 2d 30 33 30 a9 03 2f 10 0b 00 44 57 20 52 35 2e 30 2e 30 00 00 00 00 00 00 00 53
F54 ctrl@010f (0): 00 3b 01 80 04 1b 00 00 2e 64 00 ff ff 00 c8 00
F3A ctrl@0211 (0): 02 00 00 00 00 0e 03 04 00 00 10 00 00 00 00 00
F03 ctrl@0200 (0): 04 f4 07 00 00 00 00 00 00 00 00 00 00 00 00 00
F55 ctrl@0300 (0): 01 01 00 02 03 04 05 06 07 08 09 0a 0b 0c 0f 0e
=== Fri Aug 28 10:10:58 PM EDT 2026 cycle 2 DEGRADED -> rebind rmi4_smbus; swipe again
--- probe3-2-afterRebind
syn_reports=660
14ms 123
15ms 448
16ms 1
29ms 15
30ms 23
44ms 6
45ms 12
59ms 4
74ms 2
75ms 2
89ms 2
104ms 1
118ms 1
30 222 30 30 15 30 104 14 148 89 29 14 15 15 15 15 15 15 15 14 15 15 45 29 30 15 15 44 15 29 44 29 30 14 15 15 15 14 15 15 15 15 14 15 15 15 15 15 15 15 15 14 15 15 14 15 14 15 15 15 15 14 15 15 15 14 15 15 15 16 14 15 15 15 15 14 15 15 14 --- regdump after rebind
F34 ctrl@0013 (0): 00 00 00 00 00 00 00 00 00 00 00 00 00 00 00 00
F01 ctrl@0014 (0): 00 c8 00 03 2d 00 0e 00 00 06 8a 04 0a 03 67 46
F01 data0@0006 (0): 00
F12 ctrl@001d (0): 8a 04 0a 03 67 46 15 4a 00 00 00 00 16 0e 01 1e 05 dd 12 cc 08 30 40 fc 42 fc e6 cf 0c c9 e0 b1 4d 33 34 37 31 2d 30 33 30 a9 03 2f 10 0b 00 44 57 20 52 35 2e 30 2e 30 00 00 00 00 00 00 00 53
F54 ctrl@010f (0): 00 3b 01 80 04 1b 00 00 2e 64 00 ff ff 00 c8 00
F3A ctrl@0211 (0): 02 00 00 00 00 0e 03 04 00 00 10 00 00 00 00 00
F03 ctrl@0200 (0): 04 f4 07 00 00 00 00 00 00 00 00 00 00 00 00 00
F55 ctrl@0300 (0): 01 01 00 02 03 04 05 06 07 08 09 0a 0b 0c 0f 0e
=== Fri Aug 28 10:11:23 PM EDT 2026 done probe3
